Resolving dependencies...
Downloading packages...
  cli_util 0.4.2 (0.5.1 available)
  flutter_svg 2.2.4 (2.3.0 available)
  google_fonts 6.3.3 (8.1.0 available)
  google_sign_in 6.3.0 (7.2.0 available)
  google_sign_in_android 6.2.1 (7.2.11 available)
  google_sign_in_ios 5.9.0 (6.3.0 available)
  google_sign_in_platform_interface 2.5.0 (3.1.0 available)
  google_sign_in_web 0.12.4+4 (1.1.3 available)
  image 4.8.0 (4.9.0 available)
  json_annotation 4.11.0 (4.12.0 available)
  kakao_flutter_sdk_auth 1.10.0 (2.0.0+1 available)
  kakao_flutter_sdk_common 1.10.0 (2.0.0+1 available)
  kakao_flutter_sdk_user 1.10.0 (2.0.0+1 available)
  matcher 0.12.19 (0.12.20 available)
  meta 1.17.0 (1.18.2 available)
  pointycastle 3.9.1 (4.0.0 available)
  qr 3.0.2 (4.0.0 available)
  sign_in_with_apple 7.0.1 (8.0.0 available)
  test_api 0.7.10 (0.7.12 available)
  vector_graphics 1.2.0 (1.2.2 available)
  vector_graphics_compiler 1.2.0 (1.2.3 available)
  vector_math 2.2.0 (2.3.0 available)
  xml 6.6.1 (7.0.1 available)
Got dependencies!
23 packages have newer versions incompatible with dependency constraints.
Try `flutter pub outdated` for more information.
Launching lib/main.dart on Web Server in debug mode...
Waiting for connection from debug service on Web Server...         24.5s
lib/main.dart is being served at http://localhost:8080
The web-server device requires the Dart Debug Chrome extension for debugging. Consider using the Chrome or Edge devices for an improved development workflow.

Flutter run key commands.
r Hot reload. 🔥🔥🔥
R Hot restart.
h List all available interactive commands.
d Detach (terminate "flutter run" but leave application running).
c Clear the screen
q Quit (terminate the application on the device).

Debug service listening on ws://127.0.0.1:58373/_m5xz5vjEfY=/ws
A Dart VM Service on Web Server is available at: http://127.0.0.1:58373/_m5xz5vjEfY=
The Flutter DevTools debugger and profiler on Web Server is available at: http://127.0.0.1:58373/_m5xz5vjEfY=/devtools/?uri=ws://127.0.0.1:58373/_m5xz5vjEfY=/ws
